#-----------------------------------------------------------
# Vivado v2023.2 (64-bit)
# SW Build 4029153 on Fri Oct 13 20:14:34 MDT 2023
# IP Build 4028589 on Sat Oct 14 00:45:43 MDT 2023
# SharedData Build 4025554 on Tue Oct 10 17:18:54 MDT 2023
# Start of session at: Thu Jun  6 12:48:10 2024
# Process ID: 10904
# Current directory: C:/Users/csy/Desktop/Study/Logic2024/tetris/tetris
# Command line: vivado.exe -gui_launcher_event rodinguilauncherevent8716 C:\Users\csy\Desktop\Study\Logic2024\tetris\tetris\tetris.xpr
# Log file: C:/Users/csy/Desktop/Study/Logic2024/tetris/tetris/vivado.log
# Journal file: C:/Users/csy/Desktop/Study/Logic2024/tetris/tetris\vivado.jou
# Running On: LAPTOP-LCA5B7K9, OS: Windows, CPU Frequency: 2688 MHz, CPU Physical cores: 14, Host memory: 14710 MB
#-----------------------------------------------------------
start_gui
open_project C:/Users/csy/Desktop/Study/Logic2024/tetris/tetris/tetris.xpr
update_compile_order -fileset sources_1
update_compile_order -fileset sources_1
update_compile_order -fileset sources_1
reset_run synth_1
launch_runs impl_1 -jobs 10
wait_on_run impl_1
reset_run synth_1
launch_runs impl_1 -to_step write_bitstream -jobs 10
wait_on_run impl_1
reset_run synth_1
launch_runs impl_1 -to_step write_bitstream -jobs 10
wait_on_run impl_1
open_hw_manager
connect_hw_server -allow_non_jtag
open_hw_target
set_property PROGRAM.FILE {C:/Users/csy/Desktop/Study/Logic2024/tetris/tetris/tetris.runs/impl_1/top.bit} [get_hw_devices xc7k160t_0]
current_hw_device [get_hw_devices xc7k160t_0]
refresh_hw_device -update_hw_probes false [lindex [get_hw_devices xc7k160t_0] 0]
set_property PROBES.FILE {} [get_hw_devices xc7k160t_0]
set_property FULL_PROBES.FILE {} [get_hw_devices xc7k160t_0]
set_property PROGRAM.FILE {C:/Users/csy/Desktop/Study/Logic2024/tetris/tetris/tetris.runs/impl_1/top.bit} [get_hw_devices xc7k160t_0]
program_hw_devices [get_hw_devices xc7k160t_0]
refresh_hw_device [lindex [get_hw_devices xc7k160t_0] 0]
update_compile_order -fileset sources_1
reset_run synth_1
launch_runs impl_1 -to_step write_bitstream -jobs 10
wait_on_run impl_1
reset_run synth_1
launch_runs impl_1 -to_step write_bitstream -jobs 10
wait_on_run impl_1
set_property PROBES.FILE {} [get_hw_devices xc7k160t_0]
set_property FULL_PROBES.FILE {} [get_hw_devices xc7k160t_0]
set_property PROGRAM.FILE {C:/Users/csy/Desktop/Study/Logic2024/tetris/tetris/tetris.runs/impl_1/top.bit} [get_hw_devices xc7k160t_0]
program_hw_devices [get_hw_devices xc7k160t_0]
refresh_hw_device [lindex [get_hw_devices xc7k160t_0] 0]
file mkdir C:/Users/csy/Desktop/Study/Logic2024/tetris/tetris/tetris.srcs/sim_1/new
set_property SOURCE_SET sources_1 [get_filesets sim_1]
close [ open C:/Users/csy/Desktop/Study/Logic2024/tetris/tetris/tetris.srcs/sim_1/new/top_sim.v w ]
add_files -fileset sim_1 C:/Users/csy/Desktop/Study/Logic2024/tetris/tetris/tetris.srcs/sim_1/new/top_sim.v
update_compile_order -fileset sim_1
update_compile_order -fileset sim_1
update_compile_order -fileset sim_1
update_compile_order -fileset sim_1
launch_simulation
source top_sim.tcl
close_sim
launch_simulation
source top_sim.tcl
reset_run synth_1
launch_runs impl_1 -to_step write_bitstream -jobs 10
wait_on_run impl_1
set_property PROBES.FILE {} [get_hw_devices xc7k160t_0]
set_property FULL_PROBES.FILE {} [get_hw_devices xc7k160t_0]
set_property PROGRAM.FILE {C:/Users/csy/Desktop/Study/Logic2024/tetris/tetris/tetris.runs/impl_1/top.bit} [get_hw_devices xc7k160t_0]
program_hw_devices [get_hw_devices xc7k160t_0]
refresh_hw_device [lindex [get_hw_devices xc7k160t_0] 0]
close_sim
launch_simulation
source top_sim.tcl
run 10000 us
close_sim
launch_simulation
source top_sim.tcl
run 10000 us
run 10000 us
run 10000 us
run 10000 us
run 10000 us
run 10000 us
run 10000 us
run 10000 us
run 10000 us
run 10000 us
run 10000 us
run 10000 us
run 10000 us
run 10000 us
current_wave_config {Untitled 4}
add_wave {{/top_sim/m0/game0/gamestart/square_x}} 
relaunch_sim
current_wave_config {Untitled 4}
add_wave {{/top_sim/m0/game0/gamestart/square_y}} 
run 10000 us
run 10000 us
run 10000 us
run 10000 us
run 10000 us
current_wave_config {Untitled 4}
add_wave {{/top_sim/m0/game0/gamestart/count_time}} 
run 10000 us
run 10000 us
run 10000 us
run 10000 us
run 10000 us
run 10000 us
close_sim
launch_simulation
source top_sim.tcl
current_wave_config {Untitled 5}
add_wave {{/top_sim/m0/square_x}} 
current_wave_config {Untitled 5}
add_wave {{/top_sim/m0/square_y}} 
current_wave_config {Untitled 5}
add_wave {{/top_sim/m0/square_type}} 
run 10000 us
run 10000 us
run 10000 us
run 10000 us
run 10000 us
run 10000 us
run 10000 us
run 10000 us
run 10000 us
run 10000 us
run 10000 us
current_wave_config {Untitled 5}
add_wave {{/top_sim/m0/game0/gamestart/state}} 
run 10000 us
run 10000 us
run 10000 us
run 10000 us
run 10000 us
run 10000 us
run 10000 us
run 10000 us
run 10000 us
run 10000 us
run 10000 us
run 10000 us
run 10000 us
run 10000 us
run 10000 us
run 10000 us
run 10000 us
run 10000 us
run 10000 us
run 10000 us
run 10000 us
run 10000 us
run 10000 us
run 10000 us
run 10000 us
run 10000 us
run 10000 us
run 10000 us
run 10000 us
run 10000 us
run 10000 us
run 10000 us
run 10000 us
run 10000 us
run 10000 us
run 10000 us
run 10000 us
run 10000 us
run 10000 us
run 10000 us
run 10000 us
run 10000 us
run 10000 us
run 10000 us
run 10000 us
run 10000 us
run 10000 us
run 10000 us
run 10000 us
run 10000 us
run 10000 us
run 10000 us
run 10000 us
run 10000 us
run 10000 us
run 10000 us
run 10000 us
run 10000 us
run 10000 us
run 10000 us
run 10000 us
run 10000 us
run 10000 us
run 10000 us
run 100000 us
run 100000 us
run 100000 us
run 100000 us
run 100000 us
run 100000 us
run 100000 us
run 100000 us
run 100000 us
run 100000 us
run 100000 us
run 100000 us
run 100000 us
run 100000 us
run 100000 us
run 100000 us
run 100000 us
run 100000 us
run 100000 us
run 100000 us
run 100000 us
run 100000 us
run 100000 us
run 100000 us
run 100000 us
run 100000 us
run 100000 us
run 100000 us
run 100000 us
run 100000 us
run 100000 us
close_sim
launch_simulation
source top_sim.tcl
run 10000 us
current_wave_config {Untitled 6}
add_wave {{/top_sim/m0/game0/gamestart/square_y}} 
run 10000 us
run 10000 us
run 10000 us
run 10000 us
run 10000 us
run 10000 us
run 10000 us
run 10000 us
run 10000 us
run 10000 us
run 10000 us
run 10000 us
close_sim
launch_simulation
source top_sim.tcl
current_wave_config {Untitled 7}
add_wave {{/top_sim/m0/game0/gamestart/square_y}} 
run 10000 us
run 10000 us
run 10000 us
run 10000 us
run 10000 us
run 10000 us
run 10000 us
run 10000 us
run 10000 us
run 10000 us
run 10000 us
run 10000 us
run 10000 us
reset_run synth_1
launch_runs impl_1 -to_step write_bitstream -jobs 10
wait_on_run impl_1
set_property PROBES.FILE {} [get_hw_devices xc7k160t_0]
set_property FULL_PROBES.FILE {} [get_hw_devices xc7k160t_0]
set_property PROGRAM.FILE {C:/Users/csy/Desktop/Study/Logic2024/tetris/tetris/tetris.runs/impl_1/top.bit} [get_hw_devices xc7k160t_0]
program_hw_devices [get_hw_devices xc7k160t_0]
refresh_hw_device [lindex [get_hw_devices xc7k160t_0] 0]
close_sim
launch_simulation
source top_sim.tcl
current_wave_config {Untitled 8}
add_wave {{/top_sim/m0/dis/square_y}} 
run 10000 us
run 10000 us
run 10000 us
run 10000 us
run 10000 us
run 10000 us
run 10000 us
run 10000 us
run 10000 us
run 10000 us
run 10000 us
run 10000 us
run 10000 us
run 10000 us
run 10000 us
run 10000 us
run 10000 us
run 10000 us
run 10000 us
run 10000 us
run 10000 us
run 10000 us
run 10000 us
run 10000 us
run 10000 us
run 10000 us
run 10000 us
run 10000 us
reset_run synth_1
launch_runs impl_1 -to_step write_bitstream -jobs 10
wait_on_run impl_1
set_property PROBES.FILE {} [get_hw_devices xc7k160t_0]
set_property FULL_PROBES.FILE {} [get_hw_devices xc7k160t_0]
set_property PROGRAM.FILE {C:/Users/csy/Desktop/Study/Logic2024/tetris/tetris/tetris.runs/impl_1/top.bit} [get_hw_devices xc7k160t_0]
program_hw_devices [get_hw_devices xc7k160t_0]
refresh_hw_device [lindex [get_hw_devices xc7k160t_0] 0]
close_sim
launch_simulation
source top_sim.tcl
current_wave_config {Untitled 9}
add_wave {{/top_sim/m0/game0/map}} 
current_wave_config {Untitled 9}
add_wave {{/top_sim/m0/game0/square_y}} 
run 10000 us
run 10000 us
current_wave_config {Untitled 9}
add_wave {{/top_sim/m0/game0/map}} 
relaunch_sim
current_wave_config {Untitled 10}
add_wave {{/top_sim/m0/square_x}} 
current_wave_config {Untitled 10}
add_wave {{/top_sim/m0/game0/gamestart/square_y}} 
run 10000 us
current_wave_config {Untitled 10}
add_wave {{/top_sim/m0/game0/gamestart/square_y}} 
run 10000 us
run 100000 us
run 10000 us
run 10000 us
run 10000 us
run 10000 us
run 10000 us
run 10000 us
run 10000 us
run 10000 us
run 10000 us
run 10000 us
run 10000 us
