Copyright 1986-2022 Xilinx, Inc. All Rights Reserved. Copyright 2022-2023 Advanced Micro Devices, Inc. All Rights Reserved.
---------------------------------------------------------------------------------------------------------------------------------------------
| Tool Version : Vivado v.2023.2 (win64) Build 4029153 Fri Oct 13 20:14:34 MDT 2023
| Date         : Mon Jun 10 11:37:04 2024
| Host         : LAPTOP-LCA5B7K9 running 64-bit major release  (build 9200)
| Command      : report_control_sets -verbose -file top_control_sets_placed.rpt
| Design       : top
| Device       : xc7k160t
---------------------------------------------------------------------------------------------------------------------------------------------

Control Set Information

Table of Contents
-----------------
1. Summary
2. Histogram
3. Flip-Flop Distribution
4. Detailed Control Set Information

1. Summary
----------

+----------------------------------------------------------+-------+
|                          Status                          | Count |
+----------------------------------------------------------+-------+
| Total control sets                                       |    18 |
|    Minimum number of control sets                        |    18 |
|    Addition due to synthesis replication                 |     0 |
|    Addition due to physical synthesis replication        |     0 |
| Unused register locations in slices containing registers |    66 |
+----------------------------------------------------------+-------+
* Control sets can be merged at opt_design using control_set_merge or merge_equivalent_drivers
** Run report_qor_suggestions for automated merging and remapping suggestions


2. Histogram
------------

+--------------------+-------+
|       Fanout       | Count |
+--------------------+-------+
| Total control sets |    18 |
| >= 0 to < 4        |     1 |
| >= 4 to < 6        |     3 |
| >= 6 to < 8        |     1 |
| >= 8 to < 10       |     1 |
| >= 10 to < 12      |     3 |
| >= 12 to < 14      |     2 |
| >= 14 to < 16      |     0 |
| >= 16              |     7 |
+--------------------+-------+
* Control sets can be remapped at either synth_design or opt_design


3. Flip-Flop Distribution
-------------------------

+--------------+-----------------------+------------------------+-----------------+--------------+
| Clock Enable | Synchronous Set/Reset | Asynchronous Set/Reset | Total Registers | Total Slices |
+--------------+-----------------------+------------------------+-----------------+--------------+
| No           | No                    | No                     |              70 |           39 |
| No           | No                    | Yes                    |               0 |            0 |
| No           | Yes                   | No                     |             246 |          128 |
| Yes          | No                    | No                     |              26 |            9 |
| Yes          | No                    | Yes                    |              10 |            4 |
| Yes          | Yes                   | No                     |              94 |           26 |
+--------------+-----------------------+------------------------+-----------------+--------------+


4. Detailed Control Set Information
-----------------------------------

+----------------+-------------------------------------+----------------------------------------+------------------+----------------+--------------+
|  Clock Signal  |            Enable Signal            |            Set/Reset Signal            | Slice Load Count | Bel Load Count | Bels / Slice |
+----------------+-------------------------------------+----------------------------------------+------------------+----------------+--------------+
|  clk_IBUF_BUFG | game0/gamestart/count_time          |                                        |                1 |              1 |         1.00 |
|  game0/E[0]    |                                     |                                        |                2 |              4 |         2.00 |
|  clk_IBUF_BUFG | game0/gamestart/state[3]_i_2_n_0    | game0/gamestart/map1__0                |                3 |              4 |         1.33 |
|  clk_IBUF_BUFG | game0/gamestart/i                   |                                        |                3 |              5 |         1.67 |
|  clk_IBUF_BUFG | game0/gamestart/square_y[4]_i_2_n_0 | game0/gamestart/square_y[4]_i_1_n_0    |                2 |              6 |         3.00 |
|  clk_IBUF_BUFG | pkd/data[7]_i_1_n_0                 |                                        |                3 |              8 |         2.67 |
|  clk_IBUF_BUFG | pkd/PS2_shift_0                     | rst_IBUF                               |                2 |             10 |         5.00 |
|  clk25MHZ_BUFG |                                     | vga0/h_count[9]_i_1_n_0                |                5 |             10 |         2.00 |
|  clk25MHZ_BUFG | vga0/v_count                        | rst_IBUF                               |                4 |             10 |         2.50 |
|  clk_IBUF_BUFG | game0/gamestart/act[1]_i_1_n_0      |                                        |                2 |             12 |         6.00 |
|  clk25MHZ_BUFG |                                     | vga0/rdn                               |                5 |             12 |         2.40 |
|  clk_IBUF_BUFG | game0/gamestart/score[15]_i_1_n_0   | game0/gamestart/map1__0                |                4 |             16 |         4.00 |
|  clk25MHZ_BUFG |                                     |                                        |               13 |             22 |         1.69 |
|  clk_IBUF_BUFG |                                     | rst_IBUF                               |                7 |             23 |         3.29 |
|  clk_IBUF_BUFG | game0/gamestart/i                   | game0/gamestart/i[31]_i_1_n_0          |                7 |             27 |         3.86 |
|  clk_IBUF_BUFG | game0/gamestart/count_time          | game0/gamestart/count_time[31]_i_1_n_0 |                8 |             31 |         3.88 |
|  clk_IBUF_BUFG |                                     |                                        |               24 |             44 |         1.83 |
|  clk_IBUF_BUFG |                                     | game0/gamestart/map1__0                |              111 |            201 |         1.81 |
+----------------+-------------------------------------+----------------------------------------+------------------+----------------+--------------+


